// Jest Snapshot v1, https://goo.gl/fbAQLP

exports[`downloads and builds the latest suitable version 1`] = `
"/**
 * FingerprintJS v3.1.3 - Copyright (c) FingerprintJS, Inc, 2021 (https://fingerprintjs.com)
 * Licensed under the MIT (http://www.opensource.org/licenses/mit-license.php) license.
 *
 * This software contains code from open-source projects:
 * MurmurHash3 by Karan Lyons (https://github.com/karanlyons/murmurHash3.js)
 */
var e=function(){return e=Object.assign||function(e){for(var t,n=1,r=arguments.length;n<r;n++)for(var a in t=arguments[n])Object.prototype.hasOwnProperty.call(t,a)&&(e[a]=t[a]);return e},e.apply(this,arguments)};function t(e,t,n,r){return new(n||(n=Promise))((function(a,i){function o(e){try{s(r.next(e))}catch(t){i(t)}}function c(e){try{s(r.throw(e))}catch(t){i(t)}}function s(e){var t;e.done?a(e.value):(t=e.value,t instanceof n?t:new n((function(e){e(t)}))).then(o,c)}s((r=r.apply(e,t||[])).next())}))}function n(e,t){var n,r,a,i,o={label:0,sent:function(){if(1&a[0])throw a[1];return a[1]},trys:[],ops:[]};return i={next:c(0),throw:c(1),return:c(2)},"function"==typeof Symbol&&(i[Symbol.iterator]=function(){return this}),i;function c(c){return function(s){return function(c){if(n)throw new TypeError("Generator is already executing.");for(;i&&(i=0,c[0]&&(o=0)),o;)try{if(n=1,r&&(a=2&c[0]?r.return:c[0]?r.throw||((a=r.return)&&a.call(r),0):r.next)&&!(a=a.call(r,c[1])).done)return a;switch(r=0,a&&(c=[2&c[0],a.value]),c[0]){case 0:case 1:a=c;break;case 4:return o.label++,{value:c[1],done:!1};case 5:o.label++,r=c[1],c=[0];continue;case 7:c=o.ops.pop(),o.trys.pop();continue;default:if(!(a=o.trys,(a=a.length>0&&a[a.length-1])||6!==c[0]&&2!==c[0])){o=0;continue}if(3===c[0]&&(!a||c[1]>a[0]&&c[1]<a[3])){o.label=c[1];break}if(6===c[0]&&o.label<a[1]){o.label=a[1],a=c;break}if(a&&o.label<a[2]){o.label=a[2],o.ops.push(c);break}a[2]&&o.ops.pop(),o.trys.pop();continue}c=t.call(e,o)}catch(s){c=[6,s],r=0}finally{n=a=0}if(5&c[0])throw c[1];return{value:c[0]?c[1]:void 0,done:!0}}([c,s])}}}function r(){for(var e=0,t=0,n=arguments.length;t<n;t++)e+=arguments[t].length;var r=Array(e),a=0;for(t=0;t<n;t++)for(var i=arguments[t],o=0,c=i.length;o<c;o++,a++)r[a]=i[o];return r}function a(e,t){e=[e[0]>>>16,65535&e[0],e[1]>>>16,65535&e[1]],t=[t[0]>>>16,65535&t[0],t[1]>>>16,65535&t[1]];var n=[0,0,0,0];return n[3]+=e[3]+t[3],n[2]+=n[3]>>>16,n[3]&=65535,n[2]+=e[2]+t[2],n[1]+=n[2]>>>16,n[2]&=65535,n[1]+=e[1]+t[1],n[0]+=n[1]>>>16,n[1]&=65535,n[0]+=e[0]+t[0],n[0]&=65535,[n[0]<<16|n[1],n[2]<<16|n[3]]}function i(e,t){e=[e[0]>>>16,65535&e[0],e[1]>>>16,65535&e[1]],t=[t[0]>>>16,65535&t[0],t[1]>>>16,65535&t[1]];var n=[0,0,0,0];return n[3]+=e[3]*t[3],n[2]+=n[3]>>>16,n[3]&=65535,n[2]+=e[2]*t[3],n[1]+=n[2]>>>16,n[2]&=65535,n[2]+=e[3]*t[2],n[1]+=n[2]>>>16,n[2]&=65535,n[1]+=e[1]*t[3],n[0]+=n[1]>>>16,n[1]&=65535,n[1]+=e[2]*t[2],n[0]+=n[1]>>>16,n[1]&=65535,n[1]+=e[3]*t[1],n[0]+=n[1]>>>16,n[1]&=65535,n[0]+=e[0]*t[3]+e[1]*t[2]+e[2]*t[1]+e[3]*t[0],n[0]&=65535,[n[0]<<16|n[1],n[2]<<16|n[3]]}function o(e,t){return 32===(t%=64)?[e[1],e[0]]:t<32?[e[0]<<t|e[1]>>>32-t,e[1]<<t|e[0]>>>32-t]:(t-=32,[e[1]<<t|e[0]>>>32-t,e[0]<<t|e[1]>>>32-t])}function c(e,t){return 0===(t%=64)?e:t<32?[e[0]<<t|e[1]>>>32-t,e[1]<<t]:[e[1]<<t-32,0]}function s(e,t){return[e[0]^t[0],e[1]^t[1]]}function u(e){return e=s(e,[0,e[0]>>>1]),e=s(e=i(e,[4283543511,3981806797]),[0,e[0]>>>1]),e=s(e=i(e,[3301882366,444984403]),[0,e[0]>>>1])}function l(e,t){t=t||0;var n,r=(e=e||"").length%16,l=e.length-r,d=[0,t],f=[0,t],h=[0,0],p=[0,0],v=[2277735313,289559509],m=[1291169091,658871167];for(n=0;n<l;n+=16)h=[255&e.charCodeAt(n+4)|(255&e.charCodeAt(n+5))<<8|(255&e.charCodeAt(n+6))<<16|(255&e.charCodeAt(n+7))<<24,255&e.charCodeAt(n)|(255&e.charCodeAt(n+1))<<8|(255&e.charCodeAt(n+2))<<16|(255&e.charCodeAt(n+3))<<24],p=[255&e.charCodeAt(n+12)|(255&e.charCodeAt(n+13))<<8|(255&e.charCodeAt(n+14))<<16|(255&e.charCodeAt(n+15))<<24,255&e.charCodeAt(n+8)|(255&e.charCodeAt(n+9))<<8|(255&e.charCodeAt(n+10))<<16|(255&e.charCodeAt(n+11))<<24],h=o(h=i(h,v),31),d=a(d=o(d=s(d,h=i(h,m)),27),f),d=a(i(d,[0,5]),[0,1390208809]),p=o(p=i(p,m),33),f=a(f=o(f=s(f,p=i(p,v)),31),d),f=a(i(f,[0,5]),[0,944331445]);switch(h=[0,0],p=[0,0],r){case 15:p=s(p,c([0,e.charCodeAt(n+14)],48));case 14:p=s(p,c([0,e.charCodeAt(n+13)],40));case 13:p=s(p,c([0,e.charCodeAt(n+12)],32));case 12:p=s(p,c([0,e.charCodeAt(n+11)],24));case 11:p=s(p,c([0,e.charCodeAt(n+10)],16));case 10:p=s(p,c([0,e.charCodeAt(n+9)],8));case 9:p=i(p=s(p,[0,e.charCodeAt(n+8)]),m),f=s(f,p=i(p=o(p,33),v));case 8:h=s(h,c([0,e.charCodeAt(n+7)],56));case 7:h=s(h,c([0,e.charCodeAt(n+6)],48));case 6:h=s(h,c([0,e.charCodeAt(n+5)],40));case 5:h=s(h,c([0,e.charCodeAt(n+4)],32));case 4:h=s(h,c([0,e.charCodeAt(n+3)],24));case 3:h=s(h,c([0,e.charCodeAt(n+2)],16));case 2:h=s(h,c([0,e.charCodeAt(n+1)],8));case 1:h=i(h=s(h,[0,e.charCodeAt(n)]),v),d=s(d,h=i(h=o(h,31),m))}return d=a(d=s(d,[0,e.length]),f=s(f,[0,e.length])),f=a(f,d),d=a(d=u(d),f=u(f)),f=a(f,d),("00000000"+(d[0]>>>0).toString(16)).slice(-8)+("00000000"+(d[1]>>>0).toString(16)).slice(-8)+("00000000"+(f[0]>>>0).toString(16)).slice(-8)+("00000000"+(f[1]>>>0).toString(16)).slice(-8)}function d(e,t){return new Promise((function(n){return setTimeout(n,e,t)}))}function f(e,t){void 0===t&&(t=1/0);var n=window.requestIdleCallback;return n?new Promise((function(e){return n((function(){return e()}),{timeout:t})})):d(Math.min(e,t))}function h(e){return parseInt(e)}function p(e){return parseFloat(e)}function v(e,t){return"number"==typeof e&&isNaN(e)?t:e}function m(e){return e.reduce((function(e,t){return e+(t?1:0)}),0)}function g(){var e=window,t=navigator;return m(["MSCSSMatrix"in e,"msSetImmediate"in e,"msIndexedDB"in e,"msMaxTouchPoints"in t,"msPointerEnabled"in t])>=4}function b(){var e=window,t=navigator;return m(["msWriteProfilerMark"in e,"MSStream"in e,"msLaunchUri"in t,"msSaveBlob"in t])>=3&&!g()}function w(){var e=window,t=navigator;return m(["webkitPersistentStorage"in t,"webkitTemporaryStorage"in t,0===t.vendor.indexOf("Google"),"webkitResolveLocalFileSystemURL"in e,"BatteryManager"in e,"webkitMediaStream"in e,"webkitSpeechGrammar"in e])>=5}function y(){var e=window,t=navigator;return m(["ApplePayError"in e,"CSSPrimitiveValue"in e,"Counter"in e,0===t.vendor.indexOf("Apple"),"getStorageUpdates"in t,"WebKitMediaKeys"in e])>=4}function k(){var e=window;return m(["safari"in e,!("DeviceMotionEvent"in e),!("ongestureend"in e),!("standalone"in navigator)])>=3}function C(){var e,t,n=window;return m(["buildID"in navigator,"MozAppearance"in(null!==(t=null===(e=document.documentElement)||void 0===e?void 0:e.style)&&void 0!==t?t:{}),"MediaRecorderErrorEvent"in n,"mozInnerScreenX"in n,"CSSMozDocumentRule"in n,"CanvasCaptureMediaStream"in n])>=4}function A(){var e=document;return e.fullscreenElement||e.msFullscreenElement||e.mozFullScreenElement||e.webkitFullscreenElement||null}function x(){var e=w(),t=C();if(!e&&!t)return!1;var n=window;return m(["onorientationchange"in n,"orientation"in n,e&&"SharedWorker"in n,t&&/android/i.test(navigator.appVersion)])>=2}function S(e){return new Promise((function(t,n){e.oncomplete=function(e){return t(e.renderedBuffer)};var r=3,a=function(){switch(e.startRendering(),e.state){case"running":setTimeout((function(){return n(_("timeout"))}),1e3);break;case"suspended":document.hidden||r--,r>0?setTimeout(a,500):n(_("suspended"))}};a()}))}function M(e){for(var t=0,n=0;n<e.length;++n)t+=Math.abs(e[n]);return t}function _(e){var t=new Error(e);return t.name=e,t}function P(e,r,a){var i,o;return void 0===a&&(a=50),t(this,void 0,void 0,(function(){var t,c;return n(this,(function(n){switch(n.label){case 0:t=document,n.label=1;case 1:return t.body?[3,3]:[4,d(a)];case 2:return n.sent(),[3,1];case 3:c=t.createElement("iframe"),n.label=4;case 4:return n.trys.push([4,,10,11]),[4,new Promise((function(e,n){c.onload=e,c.onerror=n;var a=c.style;a.setProperty("display","block","important"),a.position="absolute",a.top="0",a.left="0",a.visibility="hidden",r&&"srcdoc"in c?c.srcdoc=r:c.src="about:blank",t.body.appendChild(c);var i=function(){var t;"complete"===(null===(t=c.contentWindow)||void 0===t?void 0:t.document.readyState)?e():setTimeout(i,10)};i()}))];case 5:n.sent(),n.label=6;case 6:return(null===(i=c.contentWindow)||void 0===i?void 0:i.document.body)?[3,8]:[4,d(a)];case 7:return n.sent(),[3,6];case 8:return[4,e(c,c.contentWindow)];case 9:return[2,n.sent()];case 10:return null===(o=c.parentNode)||void 0===o||o.removeChild(c),[7];case 11:return[2]}}))}))}function T(e){for(var t=function(e){for(var t,n,r="Unexpected syntax '"+e+"'",a=/^\\s*([a-z-]*)(.*)$/i.exec(e),i=a[1]||void 0,o={},c=/([.:#][\\w-]+|\\[.+?\\])/gi,s=function(e,t){o[e]=o[e]||[],o[e].push(t)};;){var u=c.exec(a[2]);if(!u)break;var l=u[0];switch(l[0]){case".":s("class",l.slice(1));break;case"#":s("id",l.slice(1));break;case"[":var d=/^\\[([\\w-]+)([~|^$*]?=("(.*?)"|([\\w-]+)))?(\\s+[is])?\\]$/.exec(l);if(!d)throw new Error(r);s(d[1],null!==(n=null!==(t=d[4])&&void 0!==t?t:d[5])&&void 0!==n?n:"");break;default:throw new Error(r)}}return[i,o]}(e),n=t[0],r=t[1],a=document.createElement(null!=n?n:"div"),i=0,o=Object.keys(r);i<o.length;i++){var c=o[i];a.setAttribute(c,r[c].join(" "))}return a}var E=["monospace","sans-serif","serif"],I=["sans-serif-thin","ARNO PRO","Agency FB","Arabic Typesetting","Arial Unicode MS","AvantGarde Bk BT","BankGothic Md BT","Batang","Bitstream Vera Sans Mono","Calibri","Century","Century Gothic","Clarendon","EUROSTILE","Franklin Gothic","Futura Bk BT","Futura Md BT","GOTHAM","Gill Sans","HELV","Haettenschweiler","Helvetica Neue","Humanst521 BT","Leelawadee","Letter Gothic","Levenim MT","Lucida Bright","Lucida Sans","Menlo","MS Mincho","MS Outlook","MS Reference Specialty","MS UI Gothic","MT Extra","MYRIAD PRO","Marlett","Meiryo UI","Microsoft Uighur","Minion Pro","Monotype Corsiva","PMingLiU","Pristina","SCRIPTINA","Segoe UI Light","Serifa","SimHei","Small Fonts","Staccato222 BT","TRAJAN PRO","Univers CE 55 Medium","Vrinda","ZWAdobeF"];function z(e){return e.rect(0,0,10,10),e.rect(2,2,6,6),!e.isPointInPath(5,5,"evenodd")}function L(e,t){e.width=240,e.height=60,t.textBaseline="alphabetic",t.fillStyle="#f60",t.fillRect(100,1,62,20),t.fillStyle="#069",t.font='11pt "Times New Roman"';var n="Cwm fjordbank gly "+String.fromCharCode(55357,56835);return t.fillText(n,2,15),t.fillStyle="rgba(102, 204, 0, 0.2)",t.font="18pt Arial",t.fillText(n,4,45),O(e)}function B(e,t){e.width=122,e.height=110,t.globalCompositeOperation="multiply";for(var n=0,r=[["#f2f",40,40],["#2ff",80,40],["#ff2",60,80]];n<r.length;n++){var a=r[n],i=a[0],o=a[1],c=a[2];t.fillStyle=i,t.beginPath(),t.arc(o,c,40,0,2*Math.PI,!0),t.closePath(),t.fill()}return t.fillStyle="#f9c",t.arc(60,60,60,0,2*Math.PI,!0),t.arc(60,60,20,0,2*Math.PI,!0),t.fill("evenodd"),O(e)}function O(e){return e.toDataURL()}var F,D;function R(){return t(this,void 0,void 0,(function(){var e;return n(this,(function(t){switch(t.label){case 0:return j(e=G())?F?[2,r(F)]:A()?[4,(n=document,(n.exitFullscreen||n.msExitFullscreen||n.mozCancelFullScreen||n.webkitExitFullscreen).call(n))]:[3,2]:[3,2];case 1:t.sent(),e=G(),t.label=2;case 2:return j(e)||(F=e),[2,e]}var n}))}))}function G(){var e=screen;return[v(p(e.availTop),null),v(p(e.width)-p(e.availWidth)-v(p(e.availLeft),0),null),v(p(e.height)-p(e.availHeight)-v(p(e.availTop),0),null),v(p(e.availLeft),null)]}function j(e){for(var t=0;t<4;++t)if(e[t])return!1;return!0}var U={abpIndo:["#Iklan-Melayang","#Kolom-Iklan-728","#SidebarIklan-wrapper",'a[title="7naga poker" i]','[title="ALIENBOLA" i]'],abpvn:["#quangcaomb",".i-said-no-thing-can-stop-me-warning.dark",".quangcao",'[href^="https://r88.vn/"]','[href^="https://zbet.vn/"]'],adBlockFinland:[".mainostila",".sponsorit",".ylamainos",'a[href*="/clickthrgh.asp?"]','a[href^="https://app.readpeak.com/ads"]'],adBlockPersian:["#navbar_notice_50",'a[href^="https://iqoption.com/lp/mobile-partner/?aff="]',".kadr",'TABLE[width="140px"]',"#divAgahi"],adBlockWarningRemoval:["#adblock_message",".adblockInfo",".deadblocker-header-bar",".no-ad-reminder","#AdBlockDialog"],adGuardAnnoyances:['amp-embed[type="zen"]',".hs-sosyal","#cookieconsentdiv",'div[class^="app_gdpr"]',".as-oil"],adGuardBase:["#gads_middle",".tjads",".BetterJsPopOverlay","#ad_300X250","#bannerfloat22"],adGuardChinese:['a[href*=".123ch.cn"]','a[href*=".ttz5.cn"]','a[href*=".yabovip2027.com/"]',".tm3all2h4b","#j-new-ad"],adGuardFrench:["#div_banniere_pub",'a[href^="https://secure.securitetotale.fr/"]','a[href*="fducks.com/"]','a[href^="http://frtyd.com/"]',".publicite1"],adGuardGerman:[".banneritemwerbung_head_1",".boxstartwerbung",".werbung3",'a[href^="http://www.ichwuerde.com/?ref="]','a[href^="http://partners.adklick.de/tracking.php?"]'],adGuardJapanese:[".ad-text-blockA01","._popIn_infinite_video","[class^=blogroll_wrapper]",'a[href^="http://ad2.trafficgate.net/"]','a[href^="http://www.rssad.jp/"]'],adGuardMobile:["amp-auto-ads","#mgid_iframe",".amp_ad","amp-sticky-ad",".plugin-blogroll"],adGuardRussian:['a[href^="https://ya-distrib.ru/r/"]','[onclick*=".twkv.ru"]',".reclama",'div[id^="smi2adblock"]','div[id^="AdFox_banner_"]'],adGuardSocial:['a[href^="//www.stumbleupon.com/submit?url="]','a[href^="//telegram.me/share/url?"]',".etsy-tweet","#inlineShare",".popup-social"],adGuardSpanishPortuguese:["#barraPublicidade","#Publicidade","#publiEspecial","#queTooltip",'[href^="http://ads.glispa.com/"]'],adGuardTrackingProtection:['amp-embed[type="taboola"]',"#qoo-counter",'a[href^="http://click.hotlog.ru/"]','a[href^="http://hitcounter.ru/top/stat.php"]','a[href^="http://top.mail.ru/jump"]'],adGuardTurkish:["#backkapat","#reklami",'a[href^="http://adserv.ontek.com.tr/"]','a[href^="http://izlenzi.com/campaign/"]','a[href^="http://www.installads.net/"]'],bulgarian:["td#freenet_table_ads","#newAd","#ea_intext_div",".lapni-pop-over","#xenium_hot_offers"],easyList:['[lazy-ad="leftthin_banner"]',"#ad_300x250_2","#interstitialAd","#wide_ad_unit",".showcaseAd"],easyListChina:['a[href*=".wensixuetang.com/"]','A[href*="/hth107.com/"]','.appguide-wrap[onclick*="bcebos.com"]',".frontpageAdvM","#taotaole"],easyListCookie:["#CookieEU","#__cookies_","#les_cookies",".asset_balaNotification",".gdpr-tab"],easyListCzechSlovak:["#onlajny-stickers","#reklamni-box",".reklama-megaboard",".sklik",'[id^="sklikReklama"]'],easyListDutch:["#advertentie","#vipAdmarktBannerBlock",".adstekst",'a[href^="http://adserver.webads.nl/adclick/"]',"#semilo-lrectangle"],easyListGermany:["#LxWerbeteaser",'a[href^="http://www.kontakt-vermittler.de/?wm="]',".werbung301",".ads_bueroklammer","#Werbung_Sky"],easyListItaly:[".box_adv_annunci",".sb-box-pubbliredazionale",'a[href^="http://affiliazioniads.snai.it/"]','a[href^="https://adserver.html.it/"]','a[href^="https://affiliazioniads.snai.it/"]'],easyListLithuania:[".reklamos_tarpas",".reklamos_nuorodos",'img[alt="Reklaminis skydelis"]','img[alt="Dedikuoti.lt serveriai"]','img[alt="Hostingas Serveriai.lt"]'],estonian:['A[href*="http://pay4results24.eu"]'],fanboyAnnoyances:["#feedback-tab","#taboola-below-article",".feedburnerFeedBlock",".widget-feedburner-counter",'[title="Subscribe to our blog"]'],fanboyAntiFacebook:[".util-bar-module-firefly-visible"],fanboyEnhancedTrackers:[".open.pushModal","#issuem-leaky-paywall-articles-zero-remaining-nag",'div[style*="box-shadow: rgb(136, 136, 136) 0px 0px 12px; color: "]','div[class$="-hide"][zoompage-fontsize][style="display: block;"]',".BlockNag__Card"],fanboySocial:[".td-tags-and-social-wrapper-box",".twitterContainer",".youtube-social",'a[title^="Like us on Facebook"]','img[alt^="Share on Digg"]'],frellwitSwedish:['a[href*="casinopro.se"][target="_blank"]','a[href*="doktor-se.onelink.me"]',"article.category-samarbete","div.holidAds","ul.adsmodern"],greekAdBlock:['A[href*="adman.otenet.gr/click?"]','A[href*="http://axiabanners.exodus.gr/"]','A[href*="http://interactive.forthnet.gr/click?"]',"DIV.agores300","TABLE.advright"],hungarian:['A[href*="ad.eval.hu"]','A[href*="ad.netmedia.hu"]','A[href*="daserver.ultraweb.hu"]',"#cemp_doboz",".optimonk-iframe-container"],iDontCareAboutCookies:['.alert-info[data-block-track*="CookieNotice"]',".ModuleTemplateCookieIndicator",".o--cookies--container",".cookie-msg-info-container","#cookies-policy-sticky"],icelandicAbp:['A[href^="/framework/resources/forms/ads.aspx"]'],latvian:['a[href="http://www.salidzini.lv/"][style="display: block; width: 120px; height: 40px; overflow: hidden; position: relative;"]','a[href="http://www.salidzini.lv/"][style="display: block; width: 88px; height: 31px; overflow: hidden; position: relative;"]'],listKr:['a[href*="//kingtoon.slnk.kr"]','a[href*="//playdsb.com/kr"]',"div.logly-lift-adz",'div[data-widget_id="ml6EJ074"]',"ins.daum_ddn_area"],listeAr:[".geminiLB1Ad",".right-and-left-sponsers",'a[href*=".aflam.info"]','a[href*="booraq.org"]','a[href*="dubizzle.com/ar/?utm_source="]'],listeFr:['a[href^="http://promo.vador.com/"]',"#adcontainer_recherche",'a[href*="weborama.fr/fcgi-bin/"]',".site-pub-interstitiel",'div[id^="crt-"][data-criteo-id]'],officialPolish:["#ceneo-placeholder-ceneo-12",'[href^="https://aff.sendhub.pl/"]','a[href^="http://advmanager.techfun.pl/redirect/"]','a[href^="http://www.trizer.pl/?utm_source"]',"div#skapiec_ad"],ro:['a[href^="//afftrk.altex.ro/Counter/Click"]','a[href^="/magazin/"]','a[href^="https://blackfridaysales.ro/trk/shop/"]','a[href^="https://event.2performant.com/events/click"]','a[href^="https://l.profitshare.ro/"]'],ruAd:['a[href*="//febrare.ru/"]','a[href*="//utimg.ru/"]','a[href*="://chikidiki.ru"]',"#pgeldiz",".yandex-rtb-block"],thaiAds:["a[href*=macau-uta-popup]","#ads-google-middle_rectangle-group",".ads300s",".bumq",".img-kosana"],webAnnoyancesUltralist:["#mod-social-share-2","#social-tools",".ctpl-fullbanner",".zergnet-recommend",".yt.btn-link.btn-md.btn"]},W=Object.keys(U);function N(e){var r;return t(this,void 0,void 0,(function(){var t,a,i,o,c,s,u,l,f,h;return n(this,(function(n){switch(n.label){case 0:for(t=document,a=t.createElement("div"),i=[],o={},q(a),c=0,s=e;c<s.length;c++)u=s[c],l=T(u),q(f=t.createElement("div")),f.appendChild(l),a.appendChild(f),i.push(l);n.label=1;case 1:return t.body?[3,3]:[4,d(50)];case 2:return n.sent(),[3,1];case 3:t.body.appendChild(a);try{for(h=0;h<e.length;++h)i[h].offsetParent||(o[e[h]]=!0)}finally{null===(r=a.parentNode)||void 0===r||r.removeChild(a)}return[2,o]}}))}))}function q(e){e.style.setProperty("display","block","important")}function H(e){return matchMedia("(inverted-colors: "+e+")").matches}function J(e){return matchMedia("(forced-colors: "+e+")").matches}function V(e){return matchMedia("(prefers-contrast: "+e+")").matches}function $(e){return matchMedia("(prefers-reduced-motion: "+e+")").matches}function K(e){return matchMedia("(dynamic-range: "+e+")").matches}var X=Math,Y=function(){return 0},Z=X.acos||Y,Q=X.acosh||Y,ee=X.asin||Y,te=X.asinh||Y,ne=X.atanh||Y,re=X.atan||Y,ae=X.sin||Y,ie=X.sinh||Y,oe=X.cos||Y,ce=X.cosh||Y,se=X.tan||Y,ue=X.tanh||Y,le=X.exp||Y,de=X.expm1||Y,fe=X.log1p||Y,he=function(e){return X.pow(X.PI,e)},pe=function(e){return X.log(e+X.sqrt(e*e+1))},ve=function(e){return X.log((1+e)/(1-e))/2},me=function(e){return X.exp(e)-1/X.exp(e)/2},ge=function(e){return(X.exp(e)+1/X.exp(e))/2},be=function(e){return X.exp(e)-1},we=function(e){return(X.exp(2*e)-1)/(X.exp(2*e)+1)},ye=function(e){return X.log(1+e)};var ke={default:[],apple:[{font:"-apple-system-body"}],serif:[{fontFamily:"serif"}],sans:[{fontFamily:"sans-serif"}],mono:[{fontFamily:"monospace"}],min:[{fontSize:"1px"}],system:[{fontFamily:"system-ui"}]};var Ce={fonts:function(){return P((function(e,t){var n=t.document,r=n.body;r.style.fontSize="48px";var a=n.createElement("div"),i={},o={},c=function(e){var t=n.createElement("span"),r=t.style;return r.position="absolute",r.top="0",r.left="0",r.fontFamily=e,t.textContent="mmMwWLliI0O&1",a.appendChild(t),t},s=E.map(c),u=function(){for(var e={},t=function(t){e[t]=E.map((function(e){return function(e,t){return c("'"+e+"',"+t)}(t,e)}))},n=0,r=I;n<r.length;n++){t(r[n])}return e}();r.appendChild(a);for(var l=0;l<E.length;l++)i[E[l]]=s[l].offsetWidth,o[E[l]]=s[l].offsetHeight;return I.filter((function(e){return t=u[e],E.some((function(e,n){return t[n].offsetWidth!==i[e]||t[n].offsetHeight!==o[e]}));var t}))}))},domBlockers:function(e){var r=(void 0===e?{}:e).debug;return t(this,void 0,void 0,(function(){var e,t,a;return n(this,(function(n){switch(n.label){case 0:return y()||x()?[4,N((a=[]).concat.apply(a,W.map((function(e){return U[e]}))))]:[2,void 0];case 1:return e=n.sent(),r&&function(e){for(var t="DOM blockers debug:\\n\`\`\`",n=0,r=W;n<r.length;n++){var a=r[n];t+="\\n"+a+":";for(var i=0,o=U[a];i<o.length;i++){var c=o[i];t+="\\n  "+c+" "+(e[c]?"🚫":"➡️")}}console.log(t+"\\n\`\`\`")}(e),(t=W.filter((function(t){var n=U[t];return m(n.map((function(t){return e[t]})))>.5*n.length}))).sort(),[2,t]}}))}))},fontPreferences:function(){return function(e,t){void 0===t&&(t=4e3);return P((function(n,a){var i=a.document,o=i.body,c=o.style;c.width=t+"px",c.webkitTextSizeAdjust=c.textSizeAdjust="none",w()?o.style.zoom=""+1/a.devicePixelRatio:y()&&(o.style.zoom="reset");var s=i.createElement("div");return s.textContent=r(Array(t/20<<0)).map((function(){return"word"})).join(" "),o.appendChild(s),e(i,o)}),'<!doctype html><html><head><meta name="viewport" content="width=device-width, initial-scale=1">')}((function(e,t){for(var n={},r={},a=0,i=Object.keys(ke);a<i.length;a++){var o=i[a],c=ke[o],s=c[0],u=void 0===s?{}:s,l=c[1],d=void 0===l?"mmMwWLliI0fiflO&1":l,f=e.createElement("span");f.textContent=d,f.style.whiteSpace="nowrap";for(var h=0,p=Object.keys(u);h<p.length;h++){var v=p[h],m=u[v];void 0!==m&&(f.style[v]=m)}n[o]=f,t.appendChild(e.createElement("br")),t.appendChild(f)}for(var g=0,b=Object.keys(ke);g<b.length;g++){r[o=b[g]]=n[o].getBoundingClientRect().width}return r}))},audio:function(){return t(this,void 0,void 0,(function(){var e,t,r,a,i,o,c,s;return n(this,(function(n){switch(n.label){case 0:if(e=window,!(t=e.OfflineAudioContext||e.webkitOfflineAudioContext))return[2,-2];if(y()&&!k()&&!function(){var e=window;return m(["DOMRectList"in e,"RTCPeerConnectionIceEvent"in e,"SVGGeometryElement"in e,"ontransitioncancel"in e])>=3}())return[2,-1];r=4500,5e3,a=new t(1,5e3,44100),(i=a.createOscillator()).type="triangle",i.frequency.value=1e4,(o=a.createDynamicsCompressor()).threshold.value=-50,o.knee.value=40,o.ratio.value=12,o.attack.value=0,o.release.value=.25,i.connect(o),o.connect(a.destination),i.start(0),n.label=1;case 1:return n.trys.push([1,3,,4]),[4,S(a)];case 2:return c=n.sent(),[3,4];case 3:if("timeout"===(s=n.sent()).name||"suspended"===s.name)return[2,-3];throw s;case 4:return[2,M(c.getChannelData(0).subarray(r))]}}))}))},screenFrame:function(){return t(this,void 0,void 0,(function(){var e,t;return n(this,(function(n){switch(n.label){case 0:return e=function(e){return null===e?null:function(e,t){if(void 0===t&&(t=1),Math.abs(t)>=1)return Math.round(e/t)*t;var n=1/t;return Math.round(e*n)/n}(e,10)},[4,R()];case 1:return t=n.sent(),[2,[e(t[0]),e(t[1]),e(t[2]),e(t[3])]]}}))}))},osCpu:function(){return navigator.oscpu},languages:function(){var e,t=navigator,n=[],r=t.language||t.userLanguage||t.browserLanguage||t.systemLanguage;if(void 0!==r&&n.push([r]),Array.isArray(t.languages))w()&&m([!("MediaSettingsRange"in(e=window)),"RTCEncodedAudioFrame"in e,""+e.Intl=="[object Intl]",""+e.Reflect=="[object Reflect]"])>=3||n.push(t.languages);else if("string"==typeof t.languages){var a=t.languages;a&&n.push(a.split(","))}return n},colorDepth:function(){return window.screen.colorDepth},deviceMemory:function(){return v(p(navigator.deviceMemory),void 0)},screenResolution:function(){var e=screen,t=function(e){return v(h(e),null)},n=[t(e.width),t(e.height)];return n.sort().reverse(),n},hardwareConcurrency:function(){return v(h(navigator.hardwareConcurrency),void 0)},timezone:function(){var e,t=null===(e=window.Intl)||void 0===e?void 0:e.DateTimeFormat;if(t){var n=(new t).resolvedOptions().timeZone;if(n)return n}var r,a=(r=(new Date).getFullYear(),-Math.max(p(new Date(r,0,1).getTimezoneOffset()),p(new Date(r,6,1).getTimezoneOffset())));return"UTC"+(a>=0?"+":"")+Math.abs(a)},sessionStorage:function(){try{return!!window.sessionStorage}catch(e){return!0}},localStorage:function(){try{return!!window.localStorage}catch(e){return!0}},indexedDB:function(){if(!g()&&!b())try{return!!window.indexedDB}catch(e){return!0}},openDatabase:function(){return!!window.openDatabase},cpuClass:function(){return navigator.cpuClass},platform:function(){var e=navigator.platform;return"MacIntel"===e&&y()&&!k()?function(){if("iPad"===navigator.platform)return!0;var e=screen,t=e.width/e.height;return m(["MediaSource"in window,!!Element.prototype.webkitRequestFullscreen,t>2/3&&t<1.5])>=2}()?"iPad":"iPhone":e},plugins:function(){var e=navigator.plugins;if(e){for(var t=[],n=0;n<e.length;++n){var r=e[n];if(r){for(var a=[],i=0;i<r.length;++i){var o=r[i];a.push({type:o.type,suffixes:o.suffixes})}t.push({name:r.name,description:r.description,mimeTypes:a})}}return t}},canvas:function(){var e=function(){var e=document.createElement("canvas");return e.width=1,e.height=1,[e,e.getContext("2d")]}(),t=e[0],n=e[1];return function(e,t){return!(!t||!e.toDataURL)}(t,n)?{winding:z(n),geometry:B(t,n),text:L(t,n)}:{winding:!1,geometry:"",text:""}},touchSupport:function(){var e,t=navigator,n=0;void 0!==t.maxTouchPoints?n=h(t.maxTouchPoints):void 0!==t.msMaxTouchPoints&&(n=t.msMaxTouchPoints);try{document.createEvent("TouchEvent"),e=!0}catch(r){e=!1}return{maxTouchPoints:n,touchEvent:e,touchStart:"ontouchstart"in window}},vendor:function(){return navigator.vendor||""},vendorFlavors:function(){for(var e=[],t=0,n=["chrome","safari","__crWeb","__gCrWeb","yandex","__yb","__ybro","__firefox__","__edgeTrackingPreventionStatistics","webkit","oprt","samsungAr","ucweb","UCShellJava","puffinDevice"];t<n.length;t++){var r=n[t],a=window[r];a&&"object"==typeof a&&e.push(r)}return e.sort()},cookiesEnabled:function(){var e=document;try{e.cookie="cookietest=1; SameSite=Strict;";var t=-1!==e.cookie.indexOf("cookietest=");return e.cookie="cookietest=1; SameSite=Strict; expires=Thu, 01-Jan-1970 00:00:01 GMT",t}catch(n){return!1}},colorGamut:function(){for(var e=0,t=["rec2020","p3","srgb"];e<t.length;e++){var n=t[e];if(matchMedia("(color-gamut: "+n+")").matches)return n}},invertedColors:function(){return!!H("inverted")||!H("none")&&void 0},forcedColors:function(){return!!J("active")||!J("none")&&void 0},monochrome:function(){if(matchMedia("(min-monochrome: 0)").matches){for(var e=0;e<=100;++e)if(matchMedia("(max-monochrome: "+e+")").matches)return e;throw new Error("Too high value")}},contrast:function(){return V("no-preference")?0:V("high")||V("more")?1:V("low")||V("less")?-1:V("forced")?10:void 0},reducedMotion:function(){return!!$("reduce")||!$("no-preference")&&void 0},hdr:function(){return!!K("high")||!K("standard")&&void 0},math:function(){return{acos:Z(.12312423423423424),acosh:Q(1e308),acoshPf:(e=1e154,X.log(e+X.sqrt(e*e-1))),asin:ee(.12312423423423424),asinh:te(1),asinhPf:pe(1),atanh:ne(.5),atanhPf:ve(.5),atan:re(.5),sin:ae(-1e300),sinh:ie(1),sinhPf:me(1),cos:oe(10.000000000123),cosh:ce(1),coshPf:ge(1),tan:se(-1e300),tanh:ue(1),tanhPf:we(1),exp:le(1),expm1:de(1),expm1Pf:be(1),log1p:fe(10),log1pPf:ye(10),powPI:he(-100)};var e}};function Ae(r,a,i){return t(this,void 0,void 0,(function(){var o,c,s,u,l,d,f;return n(this,(function(h){switch(h.label){case 0:o=[],c={},16,s=Date.now(),u=function(u){var l;return n(this,(function(d){switch(d.label){case 0:return function(e,t){for(var n=0,r=e.length;n<r;++n)if(e[n]===t)return!0;return!1}(i,u)?[2,"continue"]:(c[u]=void 0,o.push(function(r,a){return t(this,void 0,void 0,(function(){var t,i,o,c;return n(this,(function(n){switch(n.label){case 0:i=Date.now(),n.label=1;case 1:return n.trys.push([1,3,,4]),c={},[4,r(a)];case 2:return c.value=n.sent(),t=c,[3,4];case 3:return o=n.sent(),t={error:(s=o,s&&"object"==typeof s&&"message"in s?s:{message:s})},[3,4];case 4:return[2,e(e({},t),{duration:Date.now()-i})]}var s}))}))}(r[u],a).then((function(e){c[u]=e}))),(l=Date.now())>=s+16?(s=l,[4,new Promise((function(e){return setTimeout(e)}))]):[3,2]);case 1:return d.sent(),[3,4];case 2:return[4,void 0];case 3:d.sent(),d.label=4;case 4:return[2]}}))},l=0,d=Object.keys(r),h.label=1;case 1:return l<d.length?(f=d[l],[5,u(f)]):[3,4];case 2:h.sent(),h.label=3;case 3:return l++,[3,1];case 4:return[4,Promise.all(o)];case 5:return h.sent(),[2,c]}}))}))}function xe(e){return Ae(Ce,e,[])}function Se(t){return JSON.stringify(t,(function(t,n){return n instanceof Error?e({name:(r=n).name,message:r.message,stack:null===(a=r.stack)||void 0===a?void 0:a.split("\\n")},r):n;var r,a}),2)}function Me(e){return l(function(e){for(var t="",n=0,r=Object.keys(e).sort();n<r.length;n++){var a=r[n],i=e[a],o=i.error?"error":JSON.stringify(i.value);t+=(t?"|":"")+a.replace(/([:|\\\\])/g,"\\\\$1")+":"+o}return t}(e))}var _e=function(){function e(){!function(){if(void 0===D){var e=function(){var t=G();j(t)?D=setTimeout(e,2500):(F=t,D=void 0)};e()}}()}return e.prototype.get=function(e){return void 0===e&&(e={}),t(this,void 0,void 0,(function(){var t,r;return n(this,(function(n){switch(n.label){case 0:return[4,xe(e)];case 1:return t=n.sent(),r=function(e){var t;return{components:e,get visitorId(){return void 0===t&&(t=Me(this.components)),t},set visitorId(e){t=e},version:"3.1.3"}}(t),e.debug&&console.log("Copy the text below to get the debug data:\\n\\n\`\`\`\\nversion: "+r.version+"\\nuserAgent: "+navigator.userAgent+"\\ngetOptions: "+JSON.stringify(e,void 0,2)+"\\nvisitorId: "+r.visitorId+"\\ncomponents: "+Se(t)+"\\n\`\`\`"),[2,r]}}))}))},e}();function Pe(e){var r=(void 0===e?{}:e).delayFallback,a=void 0===r?50:r;return t(this,void 0,void 0,(function(){return n(this,(function(e){switch(e.label){case 0:return[4,f(a,2*a)];case 1:return e.sent(),[2,new _e]}}))}))}var Te={load:Pe,hashComponents:Me,componentsToDebugString:Se},Ee=l;export{Se as componentsToDebugString,Te as default,Ae as getComponents,A as getFullscreenElement,R as getScreenFrame,Me as hashComponents,x as isAndroid,w as isChromium,k as isDesktopSafari,b as isEdgeHTML,C as isGecko,g as isTrident,y as isWebKit,Pe as load,Ee as murmurX64Hash128};
"
`;

exports[`downloads and builds the latest suitable version 2`] = `
[
  {
    "value": ""2GtuRKanAWKaLYeHTl5WbAK8qwI"",
  },
]
`;
